// Jest Snapshot v1, https://goo.gl/fbAQLP

exports[`theming should not allow the theme to be a non-object 1`] = `"Cannot read property 'trim' of undefined"`;

exports[`theming should not allow the theme to be an array 1`] = `"Cannot read property 'trim' of undefined"`;

exports[`theming should not allow the theme to be null 1`] = `"Cannot read property 'trim' of undefined"`;
