// Jest Snapshot v1, https://goo.gl/fbAQLP

exports[`development allows interpolation 1`] = `"Cannot read property 'replace' of undefined"`;

exports[`development returns a rich error 1`] = `""`;

exports[`production returns an error link 1`] = `"An error occurred. See https://github.com/styled-components/styled-components/blob/master/src/utils/errors.md#2 for more information. Additional arguments: "`;

exports[`production returns an error link with interpolations if given 1`] = `"An error occurred. See https://github.com/styled-components/styled-components/blob/master/src/utils/errors.md#1 for more information. Additional arguments: foo"`;
